Task 1. Create merge conflict and resolve it

Last login: Sat Oct 24 21:57:15 on ttys00

The default interactive shell is now zsh.
To update your account to use zsh, please run `chsh -s /bin/zsh`.
For more details, please visit https://support.apple.com/kb/HT208050.
(base) Yuliias-MacBook-Air:~ yuliiashevtsova$ cd gl-base-camp-2020
(base) Yuliias-MacBook-Air:gl-base-camp-2020 yuliiashevtsova$ git branch
* homework
  main
(base) Yuliias-MacBook-Air:gl-base-camp-2020 yuliiashevtsova$ git checkout main
Switched to branch 'main'
Your branch is ahead of 'origin/main' by 5 commits.
  (use "git push" to publish your local commits)
(base) Yuliias-MacBook-Air:gl-base-camp-2020 yuliiashevtsova$ git branch test_branch1
(base) Yuliias-MacBook-Air:gl-base-camp-2020 yuliiashevtsova$ git branch test_branch2
(base) Yuliias-MacBook-Air:gl-base-camp-2020 yuliiashevtsova$ git checkout test_branch1
Switched to branch 'test_branch1'
(base) Yuliias-MacBook-Air:gl-base-camp-2020 yuliiashevtsova$ git branch
  homework
  main
* test_branch1
  test_branch2
(base) Yuliias-MacBook-Air:gl-base-camp-2020 yuliiashevtsova$ touch file1.txt
(base) Yuliias-MacBook-Air:gl-base-camp-2020 yuliiashevtsova$ nano file1.txt
(base) Yuliias-MacBook-Air:gl-base-camp-2020 yuliiashevtsova$ git add .
(base) Yuliias-MacBook-Air:gl-base-camp-2020 yuliiashevtsova$ git commit -m "Add first line in file1"
[test_branch1 e8fd403] Add first line in file1
 Committer: Yuliia Shevtsova <yuliiashevtsova@Yuliias-MacBook-Air.local>

 3 files changed, 1 insertion(+)
 create mode 100644 .DS_Store
 create mode 100644 file1.txt
 create mode 100644 git_practice.txt
(base) Yuliias-MacBook-Air:gl-base-camp-2020 yuliiashevtsova$ git branch test_branch3
(base) Yuliias-MacBook-Air:gl-base-camp-2020 yuliiashevtsova$ nano file1.txt
(base) Yuliias-MacBook-Air:gl-base-camp-2020 yuliiashevtsova$ git add .
(base) Yuliias-MacBook-Air:gl-base-camp-2020 yuliiashevtsova$ git commit -m "add second line to file1"
[test_branch1 75e1407] add second line to file1
 Committer: Yuliia Shevtsova <yuliiashevtsova@Yuliias-MacBook-Air.local>

 1 file changed, 1 insertion(+)
(base) Yuliias-MacBook-Air:gl-base-camp-2020 yuliiashevtsova$ git checkout test_branch3
Switched to branch 'test_branch3'
(base) Yuliias-MacBook-Air:gl-base-camp-2020 yuliiashevtsova$ nano file1.txt
(base) Yuliias-MacBook-Air:gl-base-camp-2020 yuliiashevtsova$ git add file1.txt
(base) Yuliias-MacBook-Air:gl-base-camp-2020 yuliiashevtsova$ git commit -m "add second line to file1 in test-branch3"
[test_branch3 b8a774c] add second line to file1 in test-branch3
 Committer: Yuliia Shevtsova <yuliiashevtsova@Yuliias-MacBook-Air.local>

 1 file changed, 1 insertion(+)
(base) Yuliias-MacBook-Air:gl-base-camp-2020 yuliiashevtsova$ git checkout test_branch1
Switched to branch 'test_branch1'
(base) Yuliias-MacBook-Air:gl-base-camp-2020 yuliiashevtsova$ git merge test-branch3
merge: test-branch3 - not something we can merge
(base) Yuliias-MacBook-Air:gl-base-camp-2020 yuliiashevtsova$ git merge test_branch3
Auto-merging file1.txt
CONFLICT (content): Merge conflict in file1.txt
Automatic merge failed; fix conflicts and then commit the result.
(base) Yuliias-MacBook-Air:gl-base-camp-2020 yuliiashevtsova$ cat file1.txt
this is a file
<<<<<<< HEAD
second line
=======
second line is here
>>>>>>> test_branch3
(base) Yuliias-MacBook-Air:gl-base-camp-2020 yuliiashevtsova$ nano file1.txt
(base) Yuliias-MacBook-Air:gl-base-camp-2020 yuliiashevtsova$ git add file1.txt
(base) Yuliias-MacBook-Air:gl-base-camp-2020 yuliiashevtsova$ git commit -m "fix merge conflict in file1"
[test_branch1 89e2b05] fix merge conflict in file1
 Committer: Yuliia Shevtsova <yuliiashevtsova@Yuliias-MacBook-Air.local>

(base) Yuliias-MacBook-Air:gl-base-camp-2020 yuliiashevtsova$ git merge test_branch3
Already up to date.
